# runs.log — Registre des jobs : microbiome-hybrid
# Format : ISO-date | job_id | statut | git_hash | script | notes
2026-07-25T21:05:53+02:00 | fastqc_durance2_8736601 | START | 973e3fc | slurm_script | run=durance2
2026-07-25T21:05:53+02:00 | fastqc_durance1_8736600 | START | 973e3fc | slurm_script | run=durance1
2026-07-25T21:07:52+02:00 | rm12S_durance3_8736610 | START | a59bc02 | slurm_script | run=durance3
2026-07-25T21:07:52+02:00 | rm12S_durance1_8736608 | START | a59bc02 | slurm_script | run=durance1
2026-07-25T21:07:52+02:00 | rm12S_durance2_8736609 | START | a59bc02 | slurm_script | run=durance2
2026-07-25T21:17:40+02:00 | rm12S_durance2_8736609 | END | a59bc02 | slurm_script | run=durance2 samples=768 in=14808840 v4=12622208 rm12S=2186632
2026-07-25T21:17:50+02:00 | rm12S_durance1_8736608 | END | a59bc02 | slurm_script | run=durance1 samples=768 in=12507056 v4=10607232 rm12S=1899824
2026-07-25T21:17:51+02:00 | dada2_durance2_8736612 | START | a59bc02 | slurm_script | run=durance2
2026-07-25T21:18:04+02:00 | rm12S_durance3_8736610 | END | a59bc02 | slurm_script | run=durance3 samples=768 in=14035040 v4=12047676 rm12S=1987364
2026-07-25T21:18:51+02:00 | dada2_durance1_8736611 | START | a59bc02 | slurm_script | run=durance1
2026-07-25T21:18:51+02:00 | dada2_durance3_8736613 | START | a59bc02 | slurm_script | run=durance3
2026-07-25T21:19:45+02:00 | fastqc_durance3_8736602 | END | 973e3fc | slurm_script | run=durance3
2026-07-25T21:19:46+02:00 | fastqc_durance1_8736600 | END | 973e3fc | slurm_script | run=durance1
2026-07-25T21:19:50+02:00 | fastqc_durance2_8736601 | END | 973e3fc | slurm_script | run=durance2
2026-07-25T21:33:24+02:00 | dada2_durance1_8736611 | END | a59bc02 | slurm_script | run=durance1
2026-07-25T21:34:29+02:00 | dada2_durance3_8736613 | END | a59bc02 | slurm_script | run=durance3
2026-07-25T21:35:17+02:00 | dada2_durance2_8736612 | END | a59bc02 | slurm_script | run=durance2
2026-07-25T21:35:50+02:00 | dada2_merge_tax_8736614 | START | a59bc02 | slurm_script | 
2026-07-25T21:37:17+02:00 | dada2_merge_tax_8736614 | END | a59bc02 | slurm_script | 
2026-07-25T21:43:50+02:00 | dada2_merge_tax_8736698 | START | 545e07e | slurm_script | 
2026-07-25T21:55:22+02:00 | dada2_merge_tax_8736698 | FAIL | 545e07e | slurm_script | exit 137
2026-07-25T21:57:50+02:00 | dada2_merge_tax_8736998 | START | e0ecaea | slurm_script | 
2026-07-25T22:15:36+02:00 | dada2_merge_tax_8736998 | END | e0ecaea | slurm_script | 
2026-07-26T17:35:05+02:00 | validate_mock_8741736 | END | e944449 | 06-validate_mock.sh | mock validation Zymo
2026-07-27T16:05:01+02:00 | decontam_8753776 | START | 4fad253 | 07-decontam.sh | prevalence 36 neg
2026-07-27T16:07:03+02:00 | decontam_8753776 | END | 4fad253 | 07-decontam.sh | prevalence 36 neg
2026-07-27T17:10:02+02:00 | phylogeny_8754563 | START | e8c99cb | 08-phylogeny.sh | mafft-fasttree ASV decontam
2026-07-27T17:14:05+02:00 | qc_depth_8754564 | END | e8c99cb | 09-qc_depth.sh | rarefaction table p01
2026-07-27T17:21:14+02:00 | phylogeny_8754563 | END | e8c99cb | 08-phylogeny.sh | leaves=44256
2026-07-27T21:00:02+02:00 | crosstalk_8756902 | START | cf9d3e0 | 10-crosstalk.sh | empties+mock tracers
2026-07-27T21:00:22+02:00 | crosstalk_8756902 | END | cf9d3e0 | 10-crosstalk.sh | empties+mock tracers
2026-08-23T10:28:55+02:00	START	9627969	8ae795a	13-run_design.sh
2026-08-23T10:29:11+02:00	END	9627969	8ae795a	13-run_design.sh
2026-08-23T11:01:03+02:00	START	9627973	8d4bb8b	14-variance_partition.sh
2026-08-23T11:10:51+02:00	END	9627973	8d4bb8b	14-variance_partition.sh
2026-08-23T12:25:58+02:00	START	9628094	4817159	15-rarefaction_converge.sh
2026-08-23T18:27:37+02:00	END	9628094	4817159	15-rarefaction_converge.sh
2026-08-30T20:30:22+02:00	START	10285791	48f1eff	17-position_effect.sh
2026-08-30T20:30:52+02:00	END	10285791	48f1eff	17-position_effect.sh
2026-08-30T20:35:21+02:00	START	10286034	d5a51de	18-position_control.sh
2026-08-30T20:35:35+02:00	END	10286034	d5a51de	18-position_control.sh
2026-08-30T21:10:12+02:00	START	10287704	e4a5587	20-variance_partition_category.sh
2026-08-30T21:10:49+02:00	END	10287704	e4a5587	20-variance_partition_category.sh
2026-08-30T21:13:53+02:00	START	10287915	04ebfcc	21-unifrac_faith.sh
2026-08-30T21:18:27+02:00	START	10288213	839adb3	21-unifrac_faith.sh
2026-08-30T22:01:04+02:00	END	10288213	839adb3	21-unifrac_faith.sh
2026-08-30T22:02:19+02:00	START	10289609	9422aac	20-variance_partition_category.sh
2026-08-30T22:04:18+02:00	END	10289609	9422aac	20-variance_partition_category.sh
2026-08-31T16:51:17+02:00	START	10316927	2955a28	22-depth_agreement.sh
2026-08-31T16:57:35+02:00	END	10316927	2955a28	22-depth_agreement.sh
2026-08-31T16:58:57+02:00	START	10316956	bedfb15	22-depth_agreement.sh
2026-08-31T17:09:57+02:00	END	10316956	bedfb15	22-depth_agreement.sh
2026-08-31T17:22:26+02:00	START	10318101	812e51f	23-bray_depth_agreement.sh
2026-08-31T17:22:29+02:00	START	10318102	812e51f	21-unifrac_faith.sh
2026-08-31T17:41:57+02:00	END	10318102	812e51f	21-unifrac_faith.sh
2026-08-31T17:42:00+02:00	START	10318102	812e51f	20-variance_partition_category.sh
2026-08-31T17:42:48+02:00	END	10318102	812e51f	20-variance_partition_category.sh
2026-08-31T18:15:38+02:00	START	10318514	ee79bcc	23-bray_depth_agreement.sh
2026-08-31T19:07:36+02:00	END	10318514	ee79bcc	23-bray_depth_agreement.sh
2026-08-31T20:43:05+02:00	START	10320058	5c17c01	24-permdisp.sh
2026-08-31T20:43:50+02:00	END	10320058	5c17c01	24-permdisp.sh
2026-09-25T16:07:32+02:00	START	11023937	bb93a53	17-position_effect.sh
2026-09-25T16:08:10+02:00	END	11023937	bb93a53	17-position_effect.sh
2026-09-25T16:08:10+02:00	START	11023937	bb93a53	18-position_control.sh
2026-09-25T16:08:23+02:00	END	11023937	bb93a53	18-position_control.sh
2026-09-25T16:08:23+02:00	START	11023937	bb93a53	17-position_effect.sh
2026-09-25T16:08:48+02:00	END	11023937	bb93a53	17-position_effect.sh
2026-09-25T16:08:48+02:00	START	11023937	bb93a53	18-position_control.sh
2026-09-25T16:09:12+02:00	END	11023937	bb93a53	18-position_control.sh
2026-09-25T16:09:12+02:00	START	11023937	bb93a53	17-position_effect.sh
2026-09-25T16:09:41+02:00	END	11023937	bb93a53	17-position_effect.sh
2026-09-25T16:09:42+02:00	START	11023937	bb93a53	18-position_control.sh
2026-09-25T16:10:06+02:00	END	11023937	bb93a53	18-position_control.sh
2026-09-25T16:10:06+02:00	START	11023937	bb93a53	17-position_effect.sh
2026-09-25T16:10:34+02:00	END	11023937	bb93a53	17-position_effect.sh
2026-09-25T16:10:34+02:00	START	11023937	bb93a53	18-position_control.sh
2026-09-25T16:10:57+02:00	END	11023937	bb93a53	18-position_control.sh
2026-09-25T16:10:58+02:00	START	11023937	bb93a53	20-variance_partition_category.sh
2026-09-25T16:12:22+02:00	END	11023937	bb93a53	20-variance_partition_category.sh
2026-09-25T16:12:22+02:00	START	11023937	bb93a53	20-variance_partition_category.sh
2026-09-25T16:13:12+02:00	END	11023937	bb93a53	20-variance_partition_category.sh
2026-09-25T16:13:12+02:00	START	11023937	bb93a53	24-permdisp.sh
2026-09-25T16:13:40+02:00	END	11023937	bb93a53	24-permdisp.sh
2026-09-25T16:13:40+02:00	START	11023937	bb93a53	20-variance_partition_category.sh
2026-09-25T16:15:02+02:00	END	11023937	bb93a53	20-variance_partition_category.sh
2026-09-25T16:15:02+02:00	START	11023937	bb93a53	20-variance_partition_category.sh
2026-09-25T16:15:50+02:00	END	11023937	bb93a53	20-variance_partition_category.sh
2026-09-25T16:15:50+02:00	START	11023937	bb93a53	24-permdisp.sh
2026-09-25T16:16:22+02:00	END	11023937	bb93a53	24-permdisp.sh
2026-09-25T16:16:22+02:00	START	11023937	bb93a53	20-variance_partition_category.sh
2026-09-25T16:17:28+02:00	END	11023937	bb93a53	20-variance_partition_category.sh
2026-09-25T16:17:28+02:00	START	11023937	bb93a53	20-variance_partition_category.sh
2026-09-25T16:17:47+02:00	END	11023937	bb93a53	20-variance_partition_category.sh
2026-09-25T16:17:47+02:00	START	11023937	bb93a53	24-permdisp.sh
2026-09-25T16:18:09+02:00	END	11023937	bb93a53	24-permdisp.sh
2026-09-25T16:26:33+02:00	START	11024315	70205b7	27-recat_witness_effectif.sh
2026-09-25T16:28:21+02:00	END	11024315	70205b7	27-recat_witness_effectif.sh
2026-10-03T20:26:00+02:00	START	11165676	07ce80b	31-sejour_vivier.sh
2026-10-03T20:26:13+02:00	END	11165676	07ce80b	31-sejour_vivier.sh
2026-10-03T20:26:13+02:00	START	11165676	07ce80b	32-dilution_quasipurs.sh
2026-10-03T20:26:16+02:00	END	11165676	07ce80b	32-dilution_quasipurs.sh
2026-10-03T20:26:16+02:00	START	11165676	07ce80b	35-temoin_ensemble_d500.sh
2026-10-03T20:26:18+02:00	END	11165676	07ce80b	35-temoin_ensemble_d500.sh
2026-10-03T20:26:18+02:00	START	11165676	07ce80b	27-recat_witness_effectif.sh
2026-10-03T20:26:33+02:00	END	11165676	07ce80b	27-recat_witness_effectif.sh
2026-10-03T20:28:02+02:00	START	11165683	8e4375d	31-sejour_vivier.sh
2026-10-03T20:28:39+02:00	END	11165683	8e4375d	31-sejour_vivier.sh
2026-10-03T20:28:39+02:00	START	11165683	8e4375d	32-dilution_quasipurs.sh
2026-10-03T20:30:35+02:00	END	11165683	8e4375d	32-dilution_quasipurs.sh
2026-10-03T20:30:35+02:00	START	11165683	8e4375d	35-temoin_ensemble_d500.sh
2026-10-03T20:30:55+02:00	END	11165683	8e4375d	35-temoin_ensemble_d500.sh
2026-10-03T20:30:55+02:00	START	11165683	8e4375d	27-recat_witness_effectif.sh
2026-10-03T20:31:24+02:00	END	11165683	8e4375d	27-recat_witness_effectif.sh
2026-10-03T21:43:50+02:00	START	11165838	144bb98	37-indice_4H.R REUSE_RDS (brut calcule par 6372af6, job 11165825)
2026-10-03T21:44:08+02:00	END rc=0	11165838	144bb98	37-indice_4H.R REUSE_RDS
2026-10-03T21:46:08+02:00	START	call	2a32b0d	38-lecture_4H.py
2026-10-03T21:46:19+02:00	END rc=0	call	2a32b0d	38-lecture_4H.py
2026-10-03T21:59:23+02:00	START	11165861	ecef636	24-permdisp.sh
2026-10-03T21:59:55+02:00	END	11165861	ecef636	24-permdisp.sh
2026-10-03T21:59:55+02:00	START	11165861	ecef636	24-permdisp.sh
2026-10-03T22:00:33+02:00	END	11165861	ecef636	24-permdisp.sh
2026-10-03T22:01:33+02:00	START	call	ec5e318	39-lecture_permdisp_biais.py
2026-10-03T22:01:57+02:00	END rc=0	call	ec5e318	39-lecture_permdisp_biais.py
2026-10-03T22:11:10+02:00	START	11165876	ec5e318	40-verif_article_v2.py
2026-10-03T22:11:13+02:00	END rc=0	11165876	ec5e318	40-verif_article_v2.py
2026-10-03T22:12:21+02:00	START	11165882	ec5e318	40-verif_article_v2.py
2026-10-03T22:12:23+02:00	END rc=0	11165882	ec5e318	40-verif_article_v2.py
2026-10-03T22:12:23+02:00	START	11165882	ec5e318	30-verif_article.py
2026-10-03T22:12:32+02:00	END rc=0	11165882	ec5e318	30-verif_article.py
2026-10-03T22:16:14+02:00	START	11165933	ec5e318	40-verif_article_v2.py
2026-10-03T22:16:16+02:00	END rc=0	11165933	ec5e318	40-verif_article_v2.py
2026-10-05T13:14:48+02:00	START	11177980	754f383	40-verif_article_v2.py
2026-10-05T13:15:36+02:00	END rc=0	11177980	754f383	40-verif_article_v2.py
2026-10-05T13:23:24+02:00	START	11178250	265a66e	40-verif_article_v2.py
2026-10-05T13:23:49+02:00	END rc=0	11178250	265a66e	40-verif_article_v2.py
2026-10-05T13:23:49+02:00	START	11178250	265a66e	30-verif_article.py
2026-10-05T13:23:59+02:00	END rc=0	11178250	265a66e	30-verif_article.py
2026-10-05T13:46:45+02:00	START	11179076	23e3aad	40-verif_article_v2.py
2026-10-05T13:46:48+02:00	END rc=0	11179076	23e3aad	40-verif_article_v2.py
2026-10-05T13:46:48+02:00	START	11179076	23e3aad	40-verif_article_v2.py
2026-10-05T13:46:50+02:00	END rc=0	11179076	23e3aad	40-verif_article_v2.py
2026-10-05T13:46:50+02:00	START	11179076	23e3aad	30-verif_article.py
2026-10-05T13:47:00+02:00	END rc=0	11179076	23e3aad	30-verif_article.py
2026-10-05T14:23:47+02:00	START	11180735	f802820	43-retention_profondeur.py
2026-10-05T14:23:55+02:00	END rc=0	11180735	f802820	43-retention_profondeur.py
2026-10-05T14:29:21+02:00	START	11180906	f802820	43-retention_profondeur.py
2026-10-05T14:29:31+02:00	END rc=0	11180906	f802820	43-retention_profondeur.py
2026-10-05T14:33:10+02:00	START	11181025	f802820	43-retention_profondeur.py
2026-10-05T14:33:18+02:00	END rc=0	11181025	f802820	43-retention_profondeur.py
2026-10-05T14:40:05+02:00	START	11181230	f802820	40-verif_article_v2.py
2026-10-05T14:40:30+02:00	END rc=0	11181230	f802820	40-verif_article_v2.py
2026-10-05T14:40:30+02:00	START	11181230	f802820	40-verif_article_v2.py
2026-10-05T14:40:32+02:00	END rc=0	11181230	f802820	40-verif_article_v2.py
2026-10-05T14:40:32+02:00	START	11181230	f802820	30-verif_article.py
2026-10-05T14:40:41+02:00	END rc=0	11181230	f802820	30-verif_article.py
2026-10-05T17:42:46+02:00	START	11189673	7a11ce1	45-resume_12S.py
2026-10-05T17:42:46+02:00	END rc=0	11189673	7a11ce1	45-resume_12S.py
2026-10-05T17:42:46+02:00	START	11189673	7a11ce1	46-corrections_bib.py
2026-10-05T17:42:46+02:00	END rc=0	11189673	7a11ce1	46-corrections_bib.py
2026-10-05T17:45:04+02:00	START	11190045	7a11ce1	46-corrections_bib.py
2026-10-05T17:45:04+02:00	END rc=0	11190045	7a11ce1	46-corrections_bib.py
2026-10-05T17:45:04+02:00	START	11190045	7a11ce1	40-verif_article_v2.py
2026-10-05T17:45:28+02:00	END rc=0	11190045	7a11ce1	40-verif_article_v2.py
2026-10-05T17:45:28+02:00	START	11190045	7a11ce1	40-verif_article_v2.py
2026-10-05T17:45:29+02:00	END rc=0	11190045	7a11ce1	40-verif_article_v2.py
2026-10-05T17:45:29+02:00	START	11190045	7a11ce1	30-verif_article.py
2026-10-05T17:45:38+02:00	END rc=0	11190045	7a11ce1	30-verif_article.py
2026-10-05T18:00:06+02:00	START	11191330	e59d457	40-verif_article_v2.py
2026-10-05T18:00:34+02:00	END rc=0	11191330	e59d457	40-verif_article_v2.py
2026-10-05T18:00:34+02:00	START	11191330	e59d457	40-verif_article_v2.py
2026-10-05T18:00:35+02:00	END rc=0	11191330	e59d457	40-verif_article_v2.py
2026-10-06T08:40:31+02:00	START	11201746	a2752fd	40-verif_article_v2.py
2026-10-06T08:40:42+02:00	END rc=0	11201746	a2752fd	40-verif_article_v2.py
2026-10-06T08:40:42+02:00	START	11201746	a2752fd	30-verif_article.py
2026-10-06T08:40:52+02:00	END rc=0	11201746	a2752fd	30-verif_article.py
2026-10-06T08:48:30+02:00	START	11201751	0bf81a7	40-verif_article_v2.py
2026-10-06T08:48:31+02:00	END rc=0	11201751	0bf81a7	40-verif_article_v2.py
2026-10-06T08:48:31+02:00	START	11201751	0bf81a7	30-verif_article.py
2026-10-06T08:48:40+02:00	END rc=0	11201751	0bf81a7	30-verif_article.py
2026-10-06T09:02:01+02:00	START	11201770	f7b41ba	40-verif_article_v2.py
2026-10-06T09:02:03+02:00	END rc=0	11201770	f7b41ba	40-verif_article_v2.py
2026-10-06T09:02:03+02:00	START	11201770	f7b41ba	30-verif_article.py
2026-10-06T09:02:12+02:00	END rc=0	11201770	f7b41ba	30-verif_article.py
2026-10-06T09:05:05+02:00	START	11201773	f3916c1	51-alpha_ordre.py
2026-10-06T09:05:07+02:00	END rc=0	11201773	f3916c1	51-alpha_ordre.py
2026-10-06T09:15:37+02:00	START	11201785	2a46d4c	40-verif_article_v2.py
2026-10-06T09:15:39+02:00	END rc=0	11201785	2a46d4c	40-verif_article_v2.py
2026-10-06T09:15:39+02:00	START	11201785	2a46d4c	30-verif_article.py
2026-10-06T09:15:48+02:00	END rc=0	11201785	2a46d4c	30-verif_article.py
2026-10-06T10:19:43+02:00	START	11202077	c650006	53-ena_pertuis_sujet.py
2026-10-06T10:19:44+02:00	END rc=0	11202077	c650006	53-ena_pertuis_sujet.py
2026-10-06T11:10:30+02:00	START	11202458	222e295	54-ena_diag_un_echantillon.py
2026-10-06T11:10:30+02:00	END rc=0	11202458	222e295	54-ena_diag_un_echantillon.py
2026-10-06T11:32:13+02:00	START	11203034	cd6f2d0	40-verif_article_v2.py
2026-10-06T11:32:16+02:00	END rc=0	11203034	cd6f2d0	40-verif_article_v2.py
2026-10-06T11:32:16+02:00	START	11203034	cd6f2d0	30-verif_article.py
2026-10-06T11:32:25+02:00	END rc=0	11203034	cd6f2d0	30-verif_article.py
2026-10-06T11:35:34+02:00	START	11203253	4612fae	40-verif_article_v2.py
2026-10-06T11:35:35+02:00	END rc=0	11203253	4612fae	40-verif_article_v2.py
2026-10-06T13:24:02+02:00	START	11203846	33257e3	58-phyla_composition.py
2026-10-06T13:24:13+02:00	END rc=0	11203846	33257e3	58-phyla_composition.py
2026-10-06T13:33:35+02:00	START	11203857	9aceb57	59-phyla_trois_stations.py
2026-10-06T13:33:36+02:00	END rc=0	11203857	9aceb57	59-phyla_trois_stations.py
2026-10-06T13:41:35+02:00	START	11203877	d67b3f0	60-phyla_tous_poissons.py
2026-10-06T13:41:37+02:00	END rc=0	11203877	d67b3f0	60-phyla_tous_poissons.py
2026-10-06T13:55:39+02:00	START	11203909	c3bae96	61-phyla_station_tous_poissons.py
2026-10-06T13:55:40+02:00	END rc=0	11203909	c3bae96	61-phyla_station_tous_poissons.py
2026-10-06T14:29:39+02:00	START	11203965	26402c2	40-verif_article_v2.py
2026-10-06T14:29:46+02:00	END rc=0	11203965	26402c2	40-verif_article_v2.py
2026-10-06T14:29:46+02:00	START	11203965	26402c2	30-verif_article.py
2026-10-06T14:29:55+02:00	END rc=0	11203965	26402c2	30-verif_article.py
2026-10-06T14:59:08+02:00	START	11204108	674d8f2	40-verif_article_v2.py
2026-10-06T14:59:10+02:00	END rc=0	11204108	674d8f2	40-verif_article_v2.py
2026-10-06T14:59:10+02:00	START	11204108	674d8f2	30-verif_article.py
2026-10-06T14:59:19+02:00	END rc=0	11204108	674d8f2	30-verif_article.py
2026-10-06T15:05:36+02:00	START	11204157	af03346	40-verif_article_v2.py
2026-10-06T15:05:38+02:00	END rc=0	11204157	af03346	40-verif_article_v2.py
2026-10-06T15:05:38+02:00	START	11204157	af03346	30-verif_article.py
2026-10-06T15:05:47+02:00	END rc=0	11204157	af03346	30-verif_article.py
2026-10-06T15:10:55+02:00	START	11204207	25b87d4	65-ordination_categories.R
2026-10-06T15:11:02+02:00	END rc=0	11204207	25b87d4	65-ordination_categories.R
2026-10-06T15:22:41+02:00	START	11204358	118d09a	66-controle_campagne.R
2026-10-06T15:23:56+02:00	END rc=0	11204358	118d09a	66-controle_campagne.R
2026-10-06T15:29:06+02:00	START	11204596	4d636ca	40-verif_article_v2.py
2026-10-06T15:29:07+02:00	END rc=0	11204596	4d636ca	40-verif_article_v2.py
2026-10-06T15:29:07+02:00	START	11204596	4d636ca	30-verif_article.py
2026-10-06T15:29:16+02:00	END rc=0	11204596	4d636ca	30-verif_article.py
2026-10-06T15:31:21+02:00	START	11204681	72415e5	40-verif_article_v2.py
2026-10-06T15:31:22+02:00	END rc=0	11204681	72415e5	40-verif_article_v2.py
2026-10-06T15:31:22+02:00	START	11204681	72415e5	30-verif_article.py
2026-10-06T15:31:30+02:00	END rc=0	11204681	72415e5	30-verif_article.py
2026-10-06T15:56:29+02:00	START	11205415	be355a1	40-verif_article_v2.py
2026-10-06T15:56:31+02:00	END rc=0	11205415	be355a1	40-verif_article_v2.py
2026-10-06T15:56:31+02:00	START	11205415	be355a1	30-verif_article.py
2026-10-06T15:56:39+02:00	END rc=0	11205415	be355a1	30-verif_article.py
2026-10-06T20:34:32+02:00	START	11208305	52cbc91	70-largue_caudale.py
2026-10-06T20:34:54+02:00	END rc=0	11208305	52cbc91	70-largue_caudale.py
